node 0 {
  kind: VarDecl
  tokens: [0..3]
  data: {
    specifier: Var
    name: 'foo'
    type_spec: 'i32'
  }
}
